QuestaSim-64 vlog 2024.1 Compiler 2024.02 Feb  1 2024
Start time: 10:19:39 on Oct 08,2026
vlog -sv rr_arbiter_locked.sv golden_reference.sv hidden_lockstep_tb.sv 
-- Compiling module rr_arbiter_locked
-- Compiling module rr_arbiter_locked_ref
-- Compiling module hidden_lockstep_tb

Top level modules:
	hidden_lockstep_tb
End time: 10:19:39 on Oct 08,2026, Elapsed time: 0:00:00
Errors: 0, Warnings: 0

# vsim -c -voptargs="+acc" -l C:\Users\rnave\AppData\Roaming\vlsi-tracker\workspaces\C__Users_rnave_AppData_Roaming_vlsi-tracker_workspaces_task_gen_1791434412904_1791434440927\transcript.log hidden_lockstep_tb -do "run.do" 
# Start time: 10:19:40 on Oct 08,2026
# ** Note: (vsim-3813) Design is being optimized due to module recompilation...
# ** Warning: (vopt-10587) Some optimizations are turned off because the +acc switch is in effect. This will cause your simulation to run slowly. Please use -access/-debug to maintain needed visibility.
# Support of the MGLS_LICENSE_FILE and LM_LICENSE_FILE licensing environment variables will be discontinued starting with the 2025.1 release. Please update to using the SALT_LICENSE_SERVER variable.
# Please contact Siemens EDA Customer Support (https://support.sw.siemens.com/) for assistance.
# ** Note: (vsim-12126) Error and warning message counts have been restored: Errors=0, Warnings=1.
# //  Questa Sim-64
# //  Version 2024.1 win64 Feb  1 2024
# //
# // Unpublished work. Copyright 2024 Siemens
# //
# // This material contains trade secrets or otherwise confidential information
# // owned by Siemens Industry Software Inc. or its affiliates (collectively,
# // "SISW"), or its licensors. Access to and use of this information is strictly
# // limited as set forth in the Customer's applicable agreements with SISW.
# //
# // This material may not be copied, distributed, or otherwise disclosed outside
# // of the Customer's facilities without the express written permission of SISW,
# // and may not be used in any way not expressly authorized by SISW.
# //
# Loading sv_std.std
# Loading work.hidden_lockstep_tb(fast)
# Loading work.rr_arbiter_locked(fast)
# Loading work.rr_arbiter_locked_ref(fast)
# do run.do
# 0
# 0
# 0
# ** Warning: (vsim-PLI-3110) $dumpfile : This task can be called only once. Please use $fdumpfile()
# for multiple files.
#    Time: 0 ps  Iteration: 0  Process: /hidden_lockstep_tb/#INITIAL#253 File: hidden_lockstep_tb.sv Line: 256
# ::TEST_START:: {"id":0,"name":"Reset and idle","category":"reset","requirement":"Deterministic reset then idle behaviour on every output","nonce":"ac3c620026054ae1"}
# ::VECTOR_PASS:: {"id":0,"cycle":1,"stimulus":"clk=1, arena_signal_rst_n=1, arena_signal_req=4'h0, arena_signal_lock=0, arena_signal_grant_ack=0","expected":"arena_signal_grant=4'h0, arena_signal_grant_valid=0, arena_signal_grant_id=2'h0","actual":"arena_signal_grant=4'h0, arena_signal_grant_valid=0, arena_signal_grant_id=2'h0","nonce":"ac3c620026054ae1"}
# ::VECTOR_PASS:: {"id":0,"cycle":2,"stimulus":"clk=1, arena_signal_rst_n=1, arena_signal_req=4'h0, arena_signal_lock=0, arena_signal_grant_ack=0","expected":"arena_signal_grant=4'h0, arena_signal_grant_valid=0, arena_signal_grant_id=2'h0","actual":"arena_signal_grant=4'h0, arena_signal_grant_valid=0, arena_signal_grant_id=2'h0","nonce":"ac3c620026054ae1"}
# ::VECTOR_PASS:: {"id":0,"cycle":3,"stimulus":"clk=1, arena_signal_rst_n=1, arena_signal_req=4'h0, arena_signal_lock=0, arena_signal_grant_ack=0","expected":"arena_signal_grant=4'h0, arena_signal_grant_valid=0, arena_signal_grant_id=2'h0","actual":"arena_signal_grant=4'h0, arena_signal_grant_valid=0, arena_signal_grant_id=2'h0","nonce":"ac3c620026054ae1"}
# ::VECTOR_PASS:: {"id":0,"cycle":4,"stimulus":"clk=1, arena_signal_rst_n=1, arena_signal_req=4'h0, arena_signal_lock=0, arena_signal_grant_ack=0","expected":"arena_signal_grant=4'h0, arena_signal_grant_valid=0, arena_signal_grant_id=2'h0","actual":"arena_signal_grant=4'h0, arena_signal_grant_valid=0, arena_signal_grant_id=2'h0","nonce":"ac3c620026054ae1"}
# ::VECTOR_PASS:: {"id":0,"cycle":5,"stimulus":"clk=1, arena_signal_rst_n=1, arena_signal_req=4'h0, arena_signal_lock=0, arena_signal_grant_ack=0","expected":"arena_signal_grant=4'h0, arena_signal_grant_valid=0, arena_signal_grant_id=2'h0","actual":"arena_signal_grant=4'h0, arena_signal_grant_valid=0, arena_signal_grant_id=2'h0","nonce":"ac3c620026054ae1"}
# ::VECTOR_PASS:: {"id":0,"cycle":6,"stimulus":"clk=1, arena_signal_rst_n=1, arena_signal_req=4'h0, arena_signal_lock=0, arena_signal_grant_ack=0","expected":"arena_signal_grant=4'h0, arena_signal_grant_valid=0, arena_signal_grant_id=2'h0","actual":"arena_signal_grant=4'h0, arena_signal_grant_valid=0, arena_signal_grant_id=2'h0","nonce":"ac3c620026054ae1"}
# ::VECTOR_PASS:: {"id":0,"cycle":7,"stimulus":"clk=1, arena_signal_rst_n=1, arena_signal_req=4'h0, arena_signal_lock=0, arena_signal_grant_ack=0","expected":"arena_signal_grant=4'h0, arena_signal_grant_valid=0, arena_signal_grant_id=2'h0","actual":"arena_signal_grant=4'h0, arena_signal_grant_valid=0, arena_signal_grant_id=2'h0","nonce":"ac3c620026054ae1"}
# ::VECTOR_PASS:: {"id":0,"cycle":8,"stimulus":"clk=1, arena_signal_rst_n=1, arena_signal_req=4'h0, arena_signal_lock=0, arena_signal_grant_ack=0","expected":"arena_signal_grant=4'h0, arena_signal_grant_valid=0, arena_signal_grant_id=2'h0","actual":"arena_signal_grant=4'h0, arena_signal_grant_valid=0, arena_signal_grant_id=2'h0","nonce":"ac3c620026054ae1"}
# ::VECTOR_PASS:: {"id":0,"cycle":9,"stimulus":"clk=1, arena_signal_rst_n=1, arena_signal_req=4'h0, arena_signal_lock=0, arena_signal_grant_ack=0","expected":"arena_signal_grant=4'h0, arena_signal_grant_valid=0, arena_signal_grant_id=2'h0","actual":"arena_signal_grant=4'h0, arena_signal_grant_valid=0, arena_signal_grant_id=2'h0","nonce":"ac3c620026054ae1"}
# ::TEST_PASS:: {"id":0,"cycles":9,"nonce":"ac3c620026054ae1"}
# ::TEST_START:: {"id":1,"name":"Back-to-back toggling","category":"corner","requirement":"Robustness under back-to-back input changes","nonce":"ac3c620026054ae1"}
# ::VECTOR_PASS:: {"id":1,"cycle":10,"stimulus":"clk=1, arena_signal_rst_n=1, arena_signal_req=4'h0, arena_signal_lock=0, arena_signal_grant_ack=0","expected":"arena_signal_grant=4'h0, arena_signal_grant_valid=0, arena_signal_grant_id=2'h0","actual":"arena_signal_grant=4'h0, arena_signal_grant_valid=0, arena_signal_grant_id=2'h0","nonce":"ac3c620026054ae1"}
# ::VECTOR_PASS:: {"id":1,"cycle":11,"stimulus":"clk=1, arena_signal_rst_n=1, arena_signal_req=4'h1, arena_signal_lock=1, arena_signal_grant_ack=0","expected":"arena_signal_grant=4'h1, arena_signal_grant_valid=1, arena_signal_grant_id=2'h0","actual":"arena_signal_grant=4'h1, arena_signal_grant_valid=1, arena_signal_grant_id=2'h0","nonce":"ac3c620026054ae1"}
# ::VECTOR_PASS:: {"id":1,"cycle":12,"stimulus":"clk=1, arena_signal_rst_n=1, arena_signal_req=4'h6, arena_signal_lock=0, arena_signal_grant_ack=0","expected":"arena_signal_grant=4'h2, arena_signal_grant_valid=1, arena_signal_grant_id=2'h1","actual":"arena_signal_grant=4'h2, arena_signal_grant_valid=1, arena_signal_grant_id=2'h1","nonce":"ac3c620026054ae1"}
# ::VECTOR_PASS:: {"id":1,"cycle":13,"stimulus":"clk=1, arena_signal_rst_n=1, arena_signal_req=4'ha, arena_signal_lock=0, arena_signal_grant_ack=1","expected":"arena_signal_grant=4'h2, arena_signal_grant_valid=1, arena_signal_grant_id=2'h1","actual":"arena_signal_grant=4'h2, arena_signal_grant_valid=1, arena_signal_grant_id=2'h1","nonce":"ac3c620026054ae1"}
# ::VECTOR_PASS:: {"id":1,"cycle":14,"stimulus":"clk=1, arena_signal_rst_n=1, arena_signal_req=4'h9, arena_signal_lock=0, arena_signal_grant_ack=0","expected":"arena_signal_grant=4'h8, arena_signal_grant_valid=1, arena_signal_grant_id=2'h3","actual":"arena_signal_grant=4'h8, arena_signal_grant_valid=1, arena_signal_grant_id=2'h3","nonce":"ac3c620026054ae1"}
# ::VECTOR_PASS:: {"id":1,"cycle":15,"stimulus":"clk=1, arena_signal_rst_n=1, arena_signal_req=4'h7, arena_signal_lock=0, arena_signal_grant_ack=1","expected":"arena_signal_grant=4'h4, arena_signal_grant_valid=1, arena_signal_grant_id=2'h2","actual":"arena_signal_grant=4'h4, arena_signal_grant_valid=1, arena_signal_grant_id=2'h2","nonce":"ac3c620026054ae1"}
# ::VECTOR_PASS:: {"id":1,"cycle":16,"stimulus":"clk=1, arena_signal_rst_n=1, arena_signal_req=4'h3, arena_signal_lock=1, arena_signal_grant_ack=0","expected":"arena_signal_grant=4'h1, arena_signal_grant_valid=1, arena_signal_grant_id=2'h0","actual":"arena_signal_grant=4'h1, arena_signal_grant_valid=1, arena_signal_grant_id=2'h0","nonce":"ac3c620026054ae1"}
# ::VECTOR_PASS:: {"id":1,"cycle":17,"stimulus":"clk=1, arena_signal_rst_n=1, arena_signal_req=4'h6, arena_signal_lock=0, arena_signal_grant_ack=1","expected":"arena_signal_grant=4'h2, arena_signal_grant_valid=1, arena_signal_grant_id=2'h1","actual":"arena_signal_grant=4'h2, arena_signal_grant_valid=1, arena_signal_grant_id=2'h1","nonce":"ac3c620026054ae1"}
# ::VECTOR_PASS:: {"id":1,"cycle":18,"stimulus":"clk=1, arena_signal_rst_n=1, arena_signal_req=4'h9, arena_signal_lock=0, arena_signal_grant_ack=1","expected":"arena_signal_grant=4'h8, arena_signal_grant_valid=1, arena_signal_grant_id=2'h3","actual":"arena_signal_grant=4'h8, arena_signal_grant_valid=1, arena_signal_grant_id=2'h3","nonce":"ac3c620026054ae1"}
# ::TEST_PASS:: {"id":1,"cycles":18,"nonce":"ac3c620026054ae1"}
# ::TEST_START:: {"id":2,"name":"Random stimulus batch 2","category":"randomized","requirement":"Robustness under randomized stimulus","nonce":"ac3c620026054ae1"}
# ::VECTOR_PASS:: {"id":2,"cycle":19,"stimulus":"clk=1, arena_signal_rst_n=1, arena_signal_req=4'h0, arena_signal_lock=0, arena_signal_grant_ack=0","expected":"arena_signal_grant=4'h0, arena_signal_grant_valid=0, arena_signal_grant_id=2'h0","actual":"arena_signal_grant=4'h0, arena_signal_grant_valid=0, arena_signal_grant_id=2'h0","nonce":"ac3c620026054ae1"}
# ::VECTOR_PASS:: {"id":2,"cycle":20,"stimulus":"clk=1, arena_signal_rst_n=1, arena_signal_req=4'ha, arena_signal_lock=0, arena_signal_grant_ack=1","expected":"arena_signal_grant=4'h2, arena_signal_grant_valid=1, arena_signal_grant_id=2'h1","actual":"arena_signal_grant=4'h2, arena_signal_grant_valid=1, arena_signal_grant_id=2'h1","nonce":"ac3c620026054ae1"}
# ::VECTOR_PASS:: {"id":2,"cycle":21,"stimulus":"clk=1, arena_signal_rst_n=1, arena_signal_req=4'h7, arena_signal_lock=0, arena_signal_grant_ack=1","expected":"arena_signal_grant=4'h2, arena_signal_grant_valid=1, arena_signal_grant_id=2'h1","actual":"arena_signal_grant=4'h2, arena_signal_grant_valid=1, arena_signal_grant_id=2'h1","nonce":"ac3c620026054ae1"}
# ::VECTOR_PASS:: {"id":2,"cycle":22,"stimulus":"clk=1, arena_signal_rst_n=1, arena_signal_req=4'h8, arena_signal_lock=0, arena_signal_grant_ack=0","expected":"arena_signal_grant=4'h8, arena_signal_grant_valid=1, arena_signal_grant_id=2'h3","actual":"arena_signal_grant=4'h8, arena_signal_grant_valid=1, arena_signal_grant_id=2'h3","nonce":"ac3c620026054ae1"}
# ::VECTOR_PASS:: {"id":2,"cycle":23,"stimulus":"clk=1, arena_signal_rst_n=1, arena_signal_req=4'hc, arena_signal_lock=1, arena_signal_grant_ack=1","expected":"arena_signal_grant=4'h8, arena_signal_grant_valid=1, arena_signal_grant_id=2'h3","actual":"arena_signal_grant=4'h8, arena_signal_grant_valid=1, arena_signal_grant_id=2'h3","nonce":"ac3c620026054ae1"}
# ::VECTOR_PASS:: {"id":2,"cycle":24,"stimulus":"clk=1, arena_signal_rst_n=1, arena_signal_req=4'h6, arena_signal_lock=1, arena_signal_grant_ack=1","expected":"arena_signal_grant=4'h4, arena_signal_grant_valid=1, arena_signal_grant_id=2'h2","actual":"arena_signal_grant=4'h4, arena_signal_grant_valid=1, arena_signal_grant_id=2'h2","nonce":"ac3c620026054ae1"}
# ::VECTOR_PASS:: {"id":2,"cycle":25,"stimulus":"clk=1, arena_signal_rst_n=1, arena_signal_req=4'h1, arena_signal_lock=0, arena_signal_grant_ack=0","expected":"arena_signal_grant=4'h1, arena_signal_grant_valid=1, arena_signal_grant_id=2'h0","actual":"arena_signal_grant=4'h1, arena_signal_grant_valid=1, arena_signal_grant_id=2'h0","nonce":"ac3c620026054ae1"}
# ::VECTOR_PASS:: {"id":2,"cycle":26,"stimulus":"clk=1, arena_signal_rst_n=1, arena_signal_req=4'h4, arena_signal_lock=1, arena_signal_grant_ack=0","expected":"arena_signal_grant=4'h4, arena_signal_grant_valid=1, arena_signal_grant_id=2'h2","actual":"arena_signal_grant=4'h4, arena_signal_grant_valid=1, arena_signal_grant_id=2'h2","nonce":"ac3c620026054ae1"}
# ::VECTOR_PASS:: {"id":2,"cycle":27,"stimulus":"clk=1, arena_signal_rst_n=1, arena_signal_req=4'h6, arena_signal_lock=1, arena_signal_grant_ack=1","expected":"arena_signal_grant=4'h4, arena_signal_grant_valid=1, arena_signal_grant_id=2'h2","actual":"arena_signal_grant=4'h4, arena_signal_grant_valid=1, arena_signal_grant_id=2'h2","nonce":"ac3c620026054ae1"}
# ::TEST_PASS:: {"id":2,"cycles":27,"nonce":"ac3c620026054ae1"}
# ::TEST_START:: {"id":3,"name":"Random stimulus batch 3","category":"randomized","requirement":"Robustness under randomized stimulus","nonce":"ac3c620026054ae1"}
# ::VECTOR_PASS:: {"id":3,"cycle":28,"stimulus":"clk=1, arena_signal_rst_n=1, arena_signal_req=4'h0, arena_signal_lock=0, arena_signal_grant_ack=0","expected":"arena_signal_grant=4'h0, arena_signal_grant_valid=0, arena_signal_grant_id=2'h0","actual":"arena_signal_grant=4'h0, arena_signal_grant_valid=0, arena_signal_grant_id=2'h0","nonce":"ac3c620026054ae1"}
# ::VECTOR_PASS:: {"id":3,"cycle":29,"stimulus":"clk=1, arena_signal_rst_n=1, arena_signal_req=4'h9, arena_signal_lock=0, arena_signal_grant_ack=1","expected":"arena_signal_grant=4'h8, arena_signal_grant_valid=1, arena_signal_grant_id=2'h3","actual":"arena_signal_grant=4'h8, arena_signal_grant_valid=1, arena_signal_grant_id=2'h3","nonce":"ac3c620026054ae1"}
# ::VECTOR_PASS:: {"id":3,"cycle":30,"stimulus":"clk=1, arena_signal_rst_n=1, arena_signal_req=4'hb, arena_signal_lock=1, arena_signal_grant_ack=0","expected":"arena_signal_grant=4'h8, arena_signal_grant_valid=1, arena_signal_grant_id=2'h3","actual":"arena_signal_grant=4'h8, arena_signal_grant_valid=1, arena_signal_grant_id=2'h3","nonce":"ac3c620026054ae1"}
# ::VECTOR_PASS:: {"id":3,"cycle":31,"stimulus":"clk=1, arena_signal_rst_n=1, arena_signal_req=4'h9, arena_signal_lock=0, arena_signal_grant_ack=1","expected":"arena_signal_grant=4'h8, arena_signal_grant_valid=1, arena_signal_grant_id=2'h3","actual":"arena_signal_grant=4'h8, arena_signal_grant_valid=1, arena_signal_grant_id=2'h3","nonce":"ac3c620026054ae1"}
# ::VECTOR_PASS:: {"id":3,"cycle":32,"stimulus":"clk=1, arena_signal_rst_n=1, arena_signal_req=4'ha, arena_signal_lock=0, arena_signal_grant_ack=0","expected":"arena_signal_grant=4'h2, arena_signal_grant_valid=1, arena_signal_grant_id=2'h1","actual":"arena_signal_grant=4'h2, arena_signal_grant_valid=1, arena_signal_grant_id=2'h1","nonce":"ac3c620026054ae1"}
# ::VECTOR_PASS:: {"id":3,"cycle":33,"stimulus":"clk=1, arena_signal_rst_n=1, arena_signal_req=4'hf, arena_signal_lock=0, arena_signal_grant_ack=1","expected":"arena_signal_grant=4'h1, arena_signal_grant_valid=1, arena_signal_grant_id=2'h0","actual":"arena_signal_grant=4'h1, arena_signal_grant_valid=1, arena_signal_grant_id=2'h0","nonce":"ac3c620026054ae1"}
# ::VECTOR_PASS:: {"id":3,"cycle":34,"stimulus":"clk=1, arena_signal_rst_n=1, arena_signal_req=4'h4, arena_signal_lock=1, arena_signal_grant_ack=0","expected":"arena_signal_grant=4'h4, arena_signal_grant_valid=1, arena_signal_grant_id=2'h2","actual":"arena_signal_grant=4'h4, arena_signal_grant_valid=1, arena_signal_grant_id=2'h2","nonce":"ac3c620026054ae1"}
# ::VECTOR_PASS:: {"id":3,"cycle":35,"stimulus":"clk=1, arena_signal_rst_n=1, arena_signal_req=4'h1, arena_signal_lock=1, arena_signal_grant_ack=0","expected":"arena_signal_grant=4'h1, arena_signal_grant_valid=1, arena_signal_grant_id=2'h0","actual":"arena_signal_grant=4'h1, arena_signal_grant_valid=1, arena_signal_grant_id=2'h0","nonce":"ac3c620026054ae1"}
# ::VECTOR_PASS:: {"id":3,"cycle":36,"stimulus":"clk=1, arena_signal_rst_n=1, arena_signal_req=4'h6, arena_signal_lock=1, arena_signal_grant_ack=0","expected":"arena_signal_grant=4'h4, arena_signal_grant_valid=1, arena_signal_grant_id=2'h2","actual":"arena_signal_grant=4'h4, arena_signal_grant_valid=1, arena_signal_grant_id=2'h2","nonce":"ac3c620026054ae1"}
# ::TEST_PASS:: {"id":3,"cycles":36,"nonce":"ac3c620026054ae1"}
# ::TEST_START:: {"id":4,"name":"Random stimulus batch 4","category":"randomized","requirement":"Robustness under randomized stimulus","nonce":"ac3c620026054ae1"}
# ::VECTOR_PASS:: {"id":4,"cycle":37,"stimulus":"clk=1, arena_signal_rst_n=1, arena_signal_req=4'h0, arena_signal_lock=0, arena_signal_grant_ack=0","expected":"arena_signal_grant=4'h0, arena_signal_grant_valid=0, arena_signal_grant_id=2'h0","actual":"arena_signal_grant=4'h0, arena_signal_grant_valid=0, arena_signal_grant_id=2'h0","nonce":"ac3c620026054ae1"}
# ::VECTOR_PASS:: {"id":4,"cycle":38,"stimulus":"clk=1, arena_signal_rst_n=1, arena_signal_req=4'hd, arena_signal_lock=1, arena_signal_grant_ack=0","expected":"arena_signal_grant=4'h4, arena_signal_grant_valid=1, arena_signal_grant_id=2'h2","actual":"arena_signal_grant=4'h4, arena_signal_grant_valid=1, arena_signal_grant_id=2'h2","nonce":"ac3c620026054ae1"}
# ::VECTOR_PASS:: {"id":4,"cycle":39,"stimulus":"clk=1, arena_signal_rst_n=1, arena_signal_req=4'h5, arena_signal_lock=0, arena_signal_grant_ack=0","expected":"arena_signal_grant=4'h4, arena_signal_grant_valid=1, arena_signal_grant_id=2'h2","actual":"arena_signal_grant=4'h4, arena_signal_grant_valid=1, arena_signal_grant_id=2'h2","nonce":"ac3c620026054ae1"}
# ::VECTOR_PASS:: {"id":4,"cycle":40,"stimulus":"clk=1, arena_signal_rst_n=1, arena_signal_req=4'hd, arena_signal_lock=0, arena_signal_grant_ack=1","expected":"arena_signal_grant=4'h4, arena_signal_grant_valid=1, arena_signal_grant_id=2'h2","actual":"arena_signal_grant=4'h4, arena_signal_grant_valid=1, arena_signal_grant_id=2'h2","nonce":"ac3c620026054ae1"}
# ::VECTOR_PASS:: {"id":4,"cycle":41,"stimulus":"clk=1, arena_signal_rst_n=1, arena_signal_req=4'h3, arena_signal_lock=1, arena_signal_grant_ack=0","expected":"arena_signal_grant=4'h1, arena_signal_grant_valid=1, arena_signal_grant_id=2'h0","actual":"arena_signal_grant=4'h1, arena_signal_grant_valid=1, arena_signal_grant_id=2'h0","nonce":"ac3c620026054ae1"}
# ::VECTOR_PASS:: {"id":4,"cycle":42,"stimulus":"clk=1, arena_signal_rst_n=1, arena_signal_req=4'h5, arena_signal_lock=1, arena_signal_grant_ack=0","expected":"arena_signal_grant=4'h1, arena_signal_grant_valid=1, arena_signal_grant_id=2'h0","actual":"arena_signal_grant=4'h1, arena_signal_grant_valid=1, arena_signal_grant_id=2'h0","nonce":"ac3c620026054ae1"}
# ::VECTOR_PASS:: {"id":4,"cycle":43,"stimulus":"clk=1, arena_signal_rst_n=1, arena_signal_req=4'h7, arena_signal_lock=0, arena_signal_grant_ack=0","expected":"arena_signal_grant=4'h1, arena_signal_grant_valid=1, arena_signal_grant_id=2'h0","actual":"arena_signal_grant=4'h1, arena_signal_grant_valid=1, arena_signal_grant_id=2'h0","nonce":"ac3c620026054ae1"}
# ::VECTOR_PASS:: {"id":4,"cycle":44,"stimulus":"clk=1, arena_signal_rst_n=1, arena_signal_req=4'ha, arena_signal_lock=0, arena_signal_grant_ack=0","expected":"arena_signal_grant=4'h8, arena_signal_grant_valid=1, arena_signal_grant_id=2'h3","actual":"arena_signal_grant=4'h8, arena_signal_grant_valid=1, arena_signal_grant_id=2'h3","nonce":"ac3c620026054ae1"}
# ::VECTOR_PASS:: {"id":4,"cycle":45,"stimulus":"clk=1, arena_signal_rst_n=1, arena_signal_req=4'h5, arena_signal_lock=1, arena_signal_grant_ack=0","expected":"arena_signal_grant=4'h1, arena_signal_grant_valid=1, arena_signal_grant_id=2'h0","actual":"arena_signal_grant=4'h1, arena_signal_grant_valid=1, arena_signal_grant_id=2'h0","nonce":"ac3c620026054ae1"}
# ::TEST_PASS:: {"id":4,"cycles":45,"nonce":"ac3c620026054ae1"}
# ::TEST_START:: {"id":5,"name":"Random stimulus batch 5","category":"randomized","requirement":"Robustness under randomized stimulus","nonce":"ac3c620026054ae1"}
# ::VECTOR_PASS:: {"id":5,"cycle":46,"stimulus":"clk=1, arena_signal_rst_n=1, arena_signal_req=4'h0, arena_signal_lock=0, arena_signal_grant_ack=0","expected":"arena_signal_grant=4'h0, arena_signal_grant_valid=0, arena_signal_grant_id=2'h0","actual":"arena_signal_grant=4'h0, arena_signal_grant_valid=0, arena_signal_grant_id=2'h0","nonce":"ac3c620026054ae1"}
# ::VECTOR_PASS:: {"id":5,"cycle":47,"stimulus":"clk=1, arena_signal_rst_n=1, arena_signal_req=4'h5, arena_signal_lock=0, arena_signal_grant_ack=1","expected":"arena_signal_grant=4'h4, arena_signal_grant_valid=1, arena_signal_grant_id=2'h2","actual":"arena_signal_grant=4'h4, arena_signal_grant_valid=1, arena_signal_grant_id=2'h2","nonce":"ac3c620026054ae1"}
# ::VECTOR_PASS:: {"id":5,"cycle":48,"stimulus":"clk=1, arena_signal_rst_n=1, arena_signal_req=4'ha, arena_signal_lock=0, arena_signal_grant_ack=1","expected":"arena_signal_grant=4'h2, arena_signal_grant_valid=1, arena_signal_grant_id=2'h1","actual":"arena_signal_grant=4'h2, arena_signal_grant_valid=1, arena_signal_grant_id=2'h1","nonce":"ac3c620026054ae1"}
# ::VECTOR_PASS:: {"id":5,"cycle":49,"stimulus":"clk=1, arena_signal_rst_n=1, arena_signal_req=4'h3, arena_signal_lock=0, arena_signal_grant_ack=0","expected":"arena_signal_grant=4'h1, arena_signal_grant_valid=1, arena_signal_grant_id=2'h0","actual":"arena_signal_grant=4'h1, arena_signal_grant_valid=1, arena_signal_grant_id=2'h0","nonce":"ac3c620026054ae1"}
# ::VECTOR_PASS:: {"id":5,"cycle":50,"stimulus":"clk=1, arena_signal_rst_n=1, arena_signal_req=4'h5, arena_signal_lock=0, arena_signal_grant_ack=0","expected":"arena_signal_grant=4'h1, arena_signal_grant_valid=1, arena_signal_grant_id=2'h0","actual":"arena_signal_grant=4'h1, arena_signal_grant_valid=1, arena_signal_grant_id=2'h0","nonce":"ac3c620026054ae1"}
# ::VECTOR_PASS:: {"id":5,"cycle":51,"stimulus":"clk=1, arena_signal_rst_n=1, arena_signal_req=4'h3, arena_signal_lock=1, arena_signal_grant_ack=1","expected":"arena_signal_grant=4'h1, arena_signal_grant_valid=1, arena_signal_grant_id=2'h0","actual":"arena_signal_grant=4'h1, arena_signal_grant_valid=1, arena_signal_grant_id=2'h0","nonce":"ac3c620026054ae1"}
# ::VECTOR_PASS:: {"id":5,"cycle":52,"stimulus":"clk=1, arena_signal_rst_n=1, arena_signal_req=4'h8, arena_signal_lock=0, arena_signal_grant_ack=0","expected":"arena_signal_grant=4'h8, arena_signal_grant_valid=1, arena_signal_grant_id=2'h3","actual":"arena_signal_grant=4'h8, arena_signal_grant_valid=1, arena_signal_grant_id=2'h3","nonce":"ac3c620026054ae1"}
# ::VECTOR_PASS:: {"id":5,"cycle":53,"stimulus":"clk=1, arena_signal_rst_n=1, arena_signal_req=4'h3, arena_signal_lock=1, arena_signal_grant_ack=0","expected":"arena_signal_grant=4'h1, arena_signal_grant_valid=1, arena_signal_grant_id=2'h0","actual":"arena_signal_grant=4'h1, arena_signal_grant_valid=1, arena_signal_grant_id=2'h0","nonce":"ac3c620026054ae1"}
# ::VECTOR_PASS:: {"id":5,"cycle":54,"stimulus":"clk=1, arena_signal_rst_n=1, arena_signal_req=4'h2, arena_signal_lock=0, arena_signal_grant_ack=1","expected":"arena_signal_grant=4'h2, arena_signal_grant_valid=1, arena_signal_grant_id=2'h1","actual":"arena_signal_grant=4'h2, arena_signal_grant_valid=1, arena_signal_grant_id=2'h1","nonce":"ac3c620026054ae1"}
# ::TEST_PASS:: {"id":5,"cycles":54,"nonce":"ac3c620026054ae1"}
# ::TEST_SUMMARY:: {"total":6,"passed":6,"failed":0,"score":100,"nonce":"ac3c620026054ae1"}
# ::JUDGE_DONE:: {"cycles":54,"cases":6,"mismatches":0,"nonce":"ac3c620026054ae1"}
# ** Note: $finish    : hidden_lockstep_tb.sv(294)
#    Time: 726 ns  Iteration: 0  Instance: /hidden_lockstep_tb
# End time: 10:19:42 on Oct 08,2026, Elapsed time: 0:00:02
# Errors: 0, Warnings: 2
