QuestaSim-64 vlog 2024.1 Compiler 2024.02 Feb  1 2024
Start time: 09:11:10 on Oct 01,2026
vlog -sv scan_dff.sv golden_reference.sv hidden_lockstep_tb.sv 
-- Compiling module scan_dff
-- Compiling module scan_dff_ref
-- Compiling module hidden_worker_0
-- Compiling module hidden_lockstep_tb

Top level modules:
	hidden_lockstep_tb
End time: 09:11:10 on Oct 01,2026, Elapsed time: 0:00:00
Errors: 0, Warnings: 0

# vsim -c -voptargs="+acc" -l C:\Users\rnave\AppData\Roaming\vlsi-tracker\workspaces\C__Users_rnave_AppData_Roaming_vlsi-tracker_workspaces_task_gen_1790825882449_1790825929125\transcript.log hidden_lockstep_tb -do "run.do" 
# Start time: 09:11:12 on Oct 01,2026
# ** Note: (vsim-3813) Design is being optimized due to module recompilation...
# ** Warning: (vopt-10587) Some optimizations are turned off because the +acc switch is in effect. This will cause your simulation to run slowly. Please use -access/-debug to maintain needed visibility.
# Support of the MGLS_LICENSE_FILE and LM_LICENSE_FILE licensing environment variables will be discontinued starting with the 2025.1 release. Please update to using the SALT_LICENSE_SERVER variable.
# Please contact Siemens EDA Customer Support (https://support.sw.siemens.com/) for assistance.
# ** Note: (vsim-12126) Error and warning message counts have been restored: Errors=0, Warnings=1.
# //  Questa Sim-64
# //  Version 2024.1 win64 Feb  1 2024
# //
# // Unpublished work. Copyright 2024 Siemens
# //
# // This material contains trade secrets or otherwise confidential information
# // owned by Siemens Industry Software Inc. or its affiliates (collectively,
# // "SISW"), or its licensors. Access to and use of this information is strictly
# // limited as set forth in the Customer's applicable agreements with SISW.
# //
# // This material may not be copied, distributed, or otherwise disclosed outside
# // of the Customer's facilities without the express written permission of SISW,
# // and may not be used in any way not expressly authorized by SISW.
# //
# Loading sv_std.std
# Loading work.hidden_lockstep_tb(fast)
# Loading work.hidden_worker_0(fast)
# Loading work.scan_dff(fast)
# Loading work.scan_dff_ref(fast)
# do run.do
# 0
# ::TEST_START:: {"id":0,"name":"REQ_RESET_OPERATION ()","category":"reset","requirement":"REQ_RESET_OPERATION: Synchronous active-low reset sets q to 0 regardless of other inputs.","nonce":"4f03d5564f1e4a6b"}
# ::VECTOR_PASS:: {"id":0,"cycle":1,"stimulus":"clk=1, rst_n=1, d=0, en=0, scan_en=0, scan_in=0","expected":"q=0","actual":"q=0","nonce":"4f03d5564f1e4a6b"}
# ::VECTOR_PASS:: {"id":0,"cycle":2,"stimulus":"clk=1, rst_n=1, d=1, en=1, scan_en=0, scan_in=0","expected":"q=1","actual":"q=1","nonce":"4f03d5564f1e4a6b"}
# ::VECTOR_PASS:: {"id":0,"cycle":3,"stimulus":"clk=1, rst_n=0, d=1, en=1, scan_en=1, scan_in=1","expected":"q=0","actual":"q=0","nonce":"4f03d5564f1e4a6b"}
# ::TEST_PASS:: {"id":0,"cycles":3,"nonce":"4f03d5564f1e4a6b"}
# ::TEST_START:: {"id":1,"name":"REQ_FUNCTIONAL_LOAD ()","category":"directed","requirement":"REQ_FUNCTIONAL_LOAD: When reset is inactive and scan_en is low, en high loads d into the register.","nonce":"4f03d5564f1e4a6b"}
# ::VECTOR_PASS:: {"id":1,"cycle":4,"stimulus":"clk=1, rst_n=1, d=0, en=0, scan_en=0, scan_in=0","expected":"q=0","actual":"q=0","nonce":"4f03d5564f1e4a6b"}
# ::VECTOR_PASS:: {"id":1,"cycle":5,"stimulus":"clk=1, rst_n=1, d=1, en=1, scan_en=0, scan_in=0","expected":"q=1","actual":"q=1","nonce":"4f03d5564f1e4a6b"}
# ::VECTOR_PASS:: {"id":1,"cycle":6,"stimulus":"clk=1, rst_n=1, d=0, en=1, scan_en=0, scan_in=1","expected":"q=0","actual":"q=0","nonce":"4f03d5564f1e4a6b"}
# ::TEST_PASS:: {"id":1,"cycles":6,"nonce":"4f03d5564f1e4a6b"}
# ::TEST_START:: {"id":2,"name":"REQ_FUNCTIONAL_HOLD ()","category":"directed","requirement":"REQ_FUNCTIONAL_HOLD: When reset is inactive, scan_en is low, and en is low, register holds state.","nonce":"4f03d5564f1e4a6b"}
# ::VECTOR_PASS:: {"id":2,"cycle":7,"stimulus":"clk=1, rst_n=1, d=0, en=0, scan_en=0, scan_in=0","expected":"q=0","actual":"q=0","nonce":"4f03d5564f1e4a6b"}
# ::VECTOR_PASS:: {"id":2,"cycle":8,"stimulus":"clk=1, rst_n=1, d=1, en=1, scan_en=0, scan_in=0","expected":"q=1","actual":"q=1","nonce":"4f03d5564f1e4a6b"}
# ::VECTOR_PASS:: {"id":2,"cycle":9,"stimulus":"clk=1, rst_n=1, d=0, en=0, scan_en=0, scan_in=0","expected":"q=1","actual":"q=1","nonce":"4f03d5564f1e4a6b"}
# ::VECTOR_PASS:: {"id":2,"cycle":10,"stimulus":"clk=1, rst_n=1, d=1, en=0, scan_en=0, scan_in=1","expected":"q=1","actual":"q=1","nonce":"4f03d5564f1e4a6b"}
# ::TEST_PASS:: {"id":2,"cycles":10,"nonce":"4f03d5564f1e4a6b"}
# ::TEST_START:: {"id":3,"name":"REQ_SCAN_OPERATION ()","category":"directed","requirement":"REQ_SCAN_OPERATION: When reset is inactive and scan_en is high, scan_in is loaded overriding en and d.","nonce":"4f03d5564f1e4a6b"}
# ::VECTOR_PASS:: {"id":3,"cycle":11,"stimulus":"clk=1, rst_n=1, d=0, en=0, scan_en=0, scan_in=0","expected":"q=0","actual":"q=0","nonce":"4f03d5564f1e4a6b"}
# ::VECTOR_PASS:: {"id":3,"cycle":12,"stimulus":"clk=1, rst_n=1, d=0, en=0, scan_en=1, scan_in=1","expected":"q=1","actual":"q=1","nonce":"4f03d5564f1e4a6b"}
# ::VECTOR_PASS:: {"id":3,"cycle":13,"stimulus":"clk=1, rst_n=1, d=1, en=1, scan_en=1, scan_in=0","expected":"q=0","actual":"q=0","nonce":"4f03d5564f1e4a6b"}
# ::VECTOR_PASS:: {"id":3,"cycle":14,"stimulus":"clk=1, rst_n=1, d=0, en=0, scan_en=1, scan_in=1","expected":"q=1","actual":"q=1","nonce":"4f03d5564f1e4a6b"}
# ::TEST_PASS:: {"id":3,"cycles":14,"nonce":"4f03d5564f1e4a6b"}
# ::TEST_START:: {"id":4,"name":"Randomized robustness ()","category":"randomized","requirement":"Supplemental randomized interactions","nonce":"4f03d5564f1e4a6b"}
# ::VECTOR_PASS:: {"id":4,"cycle":15,"stimulus":"clk=1, rst_n=1, d=0, en=0, scan_en=0, scan_in=0","expected":"q=0","actual":"q=0","nonce":"4f03d5564f1e4a6b"}
# ::VECTOR_PASS:: {"id":4,"cycle":16,"stimulus":"clk=1, rst_n=1, d=1, en=1, scan_en=0, scan_in=1","expected":"q=1","actual":"q=1","nonce":"4f03d5564f1e4a6b"}
# ::VECTOR_PASS:: {"id":4,"cycle":17,"stimulus":"clk=1, rst_n=1, d=0, en=0, scan_en=1, scan_in=0","expected":"q=0","actual":"q=0","nonce":"4f03d5564f1e4a6b"}
# ::VECTOR_PASS:: {"id":4,"cycle":18,"stimulus":"clk=1, rst_n=1, d=1, en=1, scan_en=1, scan_in=0","expected":"q=0","actual":"q=0","nonce":"4f03d5564f1e4a6b"}
# ::VECTOR_PASS:: {"id":4,"cycle":19,"stimulus":"clk=1, rst_n=1, d=1, en=1, scan_en=0, scan_in=1","expected":"q=1","actual":"q=1","nonce":"4f03d5564f1e4a6b"}
# ::VECTOR_PASS:: {"id":4,"cycle":20,"stimulus":"clk=1, rst_n=1, d=0, en=0, scan_en=0, scan_in=0","expected":"q=1","actual":"q=1","nonce":"4f03d5564f1e4a6b"}
# ::VECTOR_PASS:: {"id":4,"cycle":21,"stimulus":"clk=1, rst_n=1, d=0, en=1, scan_en=1, scan_in=0","expected":"q=0","actual":"q=0","nonce":"4f03d5564f1e4a6b"}
# ::VECTOR_PASS:: {"id":4,"cycle":22,"stimulus":"clk=1, rst_n=1, d=0, en=0, scan_en=1, scan_in=1","expected":"q=1","actual":"q=1","nonce":"4f03d5564f1e4a6b"}
# ::VECTOR_PASS:: {"id":4,"cycle":23,"stimulus":"clk=1, rst_n=1, d=0, en=0, scan_en=1, scan_in=0","expected":"q=0","actual":"q=0","nonce":"4f03d5564f1e4a6b"}
# ::VECTOR_PASS:: {"id":4,"cycle":24,"stimulus":"clk=1, rst_n=1, d=0, en=0, scan_en=1, scan_in=1","expected":"q=1","actual":"q=1","nonce":"4f03d5564f1e4a6b"}
# ::VECTOR_PASS:: {"id":4,"cycle":25,"stimulus":"clk=1, rst_n=1, d=0, en=1, scan_en=0, scan_in=0","expected":"q=0","actual":"q=0","nonce":"4f03d5564f1e4a6b"}
# ::VECTOR_PASS:: {"id":4,"cycle":26,"stimulus":"clk=1, rst_n=1, d=1, en=1, scan_en=0, scan_in=1","expected":"q=1","actual":"q=1","nonce":"4f03d5564f1e4a6b"}
# ::VECTOR_PASS:: {"id":4,"cycle":27,"stimulus":"clk=1, rst_n=1, d=0, en=0, scan_en=0, scan_in=0","expected":"q=1","actual":"q=1","nonce":"4f03d5564f1e4a6b"}
# ::VECTOR_PASS:: {"id":4,"cycle":28,"stimulus":"clk=1, rst_n=1, d=0, en=1, scan_en=1, scan_in=1","expected":"q=1","actual":"q=1","nonce":"4f03d5564f1e4a6b"}
# ::VECTOR_PASS:: {"id":4,"cycle":29,"stimulus":"clk=1, rst_n=1, d=0, en=0, scan_en=0, scan_in=0","expected":"q=1","actual":"q=1","nonce":"4f03d5564f1e4a6b"}
# ::VECTOR_PASS:: {"id":4,"cycle":30,"stimulus":"clk=1, rst_n=1, d=1, en=1, scan_en=0, scan_in=0","expected":"q=1","actual":"q=1","nonce":"4f03d5564f1e4a6b"}
# ::VECTOR_PASS:: {"id":4,"cycle":31,"stimulus":"clk=1, rst_n=1, d=0, en=1, scan_en=1, scan_in=0","expected":"q=0","actual":"q=0","nonce":"4f03d5564f1e4a6b"}
# ::VECTOR_PASS:: {"id":4,"cycle":32,"stimulus":"clk=1, rst_n=1, d=0, en=0, scan_en=0, scan_in=0","expected":"q=0","actual":"q=0","nonce":"4f03d5564f1e4a6b"}
# ::VECTOR_PASS:: {"id":4,"cycle":33,"stimulus":"clk=1, rst_n=1, d=0, en=0, scan_en=1, scan_in=0","expected":"q=0","actual":"q=0","nonce":"4f03d5564f1e4a6b"}
# ::VECTOR_PASS:: {"id":4,"cycle":34,"stimulus":"clk=1, rst_n=1, d=1, en=1, scan_en=0, scan_in=1","expected":"q=1","actual":"q=1","nonce":"4f03d5564f1e4a6b"}
# ::VECTOR_PASS:: {"id":4,"cycle":35,"stimulus":"clk=1, rst_n=1, d=0, en=0, scan_en=0, scan_in=1","expected":"q=1","actual":"q=1","nonce":"4f03d5564f1e4a6b"}
# ::VECTOR_PASS:: {"id":4,"cycle":36,"stimulus":"clk=1, rst_n=1, d=1, en=1, scan_en=0, scan_in=0","expected":"q=1","actual":"q=1","nonce":"4f03d5564f1e4a6b"}
# ::VECTOR_PASS:: {"id":4,"cycle":37,"stimulus":"clk=1, rst_n=1, d=1, en=1, scan_en=1, scan_in=1","expected":"q=1","actual":"q=1","nonce":"4f03d5564f1e4a6b"}
# ::VECTOR_PASS:: {"id":4,"cycle":38,"stimulus":"clk=1, rst_n=1, d=0, en=0, scan_en=1, scan_in=1","expected":"q=1","actual":"q=1","nonce":"4f03d5564f1e4a6b"}
# ::VECTOR_PASS:: {"id":4,"cycle":39,"stimulus":"clk=1, rst_n=1, d=0, en=0, scan_en=0, scan_in=1","expected":"q=1","actual":"q=1","nonce":"4f03d5564f1e4a6b"}
# ::TEST_PASS:: {"id":4,"cycles":39,"nonce":"4f03d5564f1e4a6b"}
# ::TEST_SUMMARY:: {"total":5,"passed":5,"failed":0,"score":100,"nonce":"4f03d5564f1e4a6b"}
# ::JUDGE_DONE:: {"cycles":39,"cases":5,"mismatches":0,"nonce":"4f03d5564f1e4a6b"}
# ** Note: $finish    : hidden_lockstep_tb.sv(403)
#    Time: 546 ns  Iteration: 1  Instance: /hidden_lockstep_tb
# End time: 09:11:14 on Oct 01,2026, Elapsed time: 0:00:02
# Errors: 0, Warnings: 1
