QuestaSim-64 vlog 2024.1 Compiler 2024.02 Feb  1 2024
Start time: 12:25:19 on Oct 07,2026
vlog -sv student_design.sv golden_reference.sv hidden_lockstep_tb.sv 
-- Compiling module mux_2x1
-- Compiling module mux_2x1_ref
-- Compiling module hidden_lockstep_tb

Top level modules:
	hidden_lockstep_tb
End time: 12:25:19 on Oct 07,2026, Elapsed time: 0:00:00
Errors: 0, Warnings: 0

# vsim -c -voptargs="+acc" -l C:\Users\rnave\AppData\Roaming\vlsi-tracker\workspaces\C__Users_rnave_AppData_Roaming_vlsi-tracker_workspaces_task_structured_rtl_mux_2x1_1791356113091\transcript.log hidden_lockstep_tb -do "run.do" 
# Start time: 12:25:20 on Oct 07,2026
# ** Note: (vsim-3812) Design is being optimized...
# ** Warning: (vopt-10587) Some optimizations are turned off because the +acc switch is in effect. This will cause your simulation to run slowly. Please use -access/-debug to maintain needed visibility.
# Support of the MGLS_LICENSE_FILE and LM_LICENSE_FILE licensing environment variables will be discontinued starting with the 2025.1 release. Please update to using the SALT_LICENSE_SERVER variable.
# Please contact Siemens EDA Customer Support (https://support.sw.siemens.com/) for assistance.
# ** Note: (vsim-12126) Error and warning message counts have been restored: Errors=0, Warnings=1.
# //  Questa Sim-64
# //  Version 2024.1 win64 Feb  1 2024
# //
# // Unpublished work. Copyright 2024 Siemens
# //
# // This material contains trade secrets or otherwise confidential information
# // owned by Siemens Industry Software Inc. or its affiliates (collectively,
# // "SISW"), or its licensors. Access to and use of this information is strictly
# // limited as set forth in the Customer's applicable agreements with SISW.
# //
# // This material may not be copied, distributed, or otherwise disclosed outside
# // of the Customer's facilities without the express written permission of SISW,
# // and may not be used in any way not expressly authorized by SISW.
# //
# Loading sv_std.std
# Loading work.hidden_lockstep_tb(fast)
# Loading work.mux_2x1(fast)
# Loading work.mux_2x1_ref(fast)
# do run.do
# 0
# ::TEST_START:: {"id":0,"name":"Reset and idle","category":"basic","requirement":"Idle behaviour from the post-reset initial state","nonce":"64cc976ea8b64f86"}
# ::VECTOR_PASS:: {"id":0,"cycle":1,"stimulus":"arena_signal_a=4'h0, arena_signal_b=4'h0, arena_signal_sel=0","expected":"arena_signal_y=4'h0","actual":"arena_signal_y=4'h0","nonce":"64cc976ea8b64f86"}
# ::VECTOR_PASS:: {"id":0,"cycle":2,"stimulus":"arena_signal_a=4'h0, arena_signal_b=4'h0, arena_signal_sel=0","expected":"arena_signal_y=4'h0","actual":"arena_signal_y=4'h0","nonce":"64cc976ea8b64f86"}
# ::VECTOR_PASS:: {"id":0,"cycle":3,"stimulus":"arena_signal_a=4'h0, arena_signal_b=4'h0, arena_signal_sel=0","expected":"arena_signal_y=4'h0","actual":"arena_signal_y=4'h0","nonce":"64cc976ea8b64f86"}
# ::VECTOR_PASS:: {"id":0,"cycle":4,"stimulus":"arena_signal_a=4'h0, arena_signal_b=4'h0, arena_signal_sel=0","expected":"arena_signal_y=4'h0","actual":"arena_signal_y=4'h0","nonce":"64cc976ea8b64f86"}
# ::VECTOR_PASS:: {"id":0,"cycle":5,"stimulus":"arena_signal_a=4'h0, arena_signal_b=4'h0, arena_signal_sel=0","expected":"arena_signal_y=4'h0","actual":"arena_signal_y=4'h0","nonce":"64cc976ea8b64f86"}
# ::VECTOR_PASS:: {"id":0,"cycle":6,"stimulus":"arena_signal_a=4'h0, arena_signal_b=4'h0, arena_signal_sel=0","expected":"arena_signal_y=4'h0","actual":"arena_signal_y=4'h0","nonce":"64cc976ea8b64f86"}
# ::VECTOR_PASS:: {"id":0,"cycle":7,"stimulus":"arena_signal_a=4'h0, arena_signal_b=4'h0, arena_signal_sel=0","expected":"arena_signal_y=4'h0","actual":"arena_signal_y=4'h0","nonce":"64cc976ea8b64f86"}
# ::VECTOR_PASS:: {"id":0,"cycle":8,"stimulus":"arena_signal_a=4'h0, arena_signal_b=4'h0, arena_signal_sel=0","expected":"arena_signal_y=4'h0","actual":"arena_signal_y=4'h0","nonce":"64cc976ea8b64f86"}
# ::VECTOR_PASS:: {"id":0,"cycle":9,"stimulus":"arena_signal_a=4'h0, arena_signal_b=4'h0, arena_signal_sel=0","expected":"arena_signal_y=4'h0","actual":"arena_signal_y=4'h0","nonce":"64cc976ea8b64f86"}
# ::TEST_PASS:: {"id":0,"cycles":9,"nonce":"64cc976ea8b64f86"}
# ::TEST_START:: {"id":1,"name":"Back-to-back toggling","category":"corner","requirement":"Robustness under back-to-back input changes","nonce":"64cc976ea8b64f86"}
# ::VECTOR_PASS:: {"id":1,"cycle":10,"stimulus":"arena_signal_a=4'h0, arena_signal_b=4'h0, arena_signal_sel=0","expected":"arena_signal_y=4'h0","actual":"arena_signal_y=4'h0","nonce":"64cc976ea8b64f86"}
# ::VECTOR_PASS:: {"id":1,"cycle":11,"stimulus":"arena_signal_a=4'h1, arena_signal_b=4'h3, arena_signal_sel=0","expected":"arena_signal_y=4'h1","actual":"arena_signal_y=4'h1","nonce":"64cc976ea8b64f86"}
# ::VECTOR_PASS:: {"id":1,"cycle":12,"stimulus":"arena_signal_a=4'h6, arena_signal_b=4'h8, arena_signal_sel=0","expected":"arena_signal_y=4'h6","actual":"arena_signal_y=4'h6","nonce":"64cc976ea8b64f86"}
# ::VECTOR_PASS:: {"id":1,"cycle":13,"stimulus":"arena_signal_a=4'ha, arena_signal_b=4'h4, arena_signal_sel=1","expected":"arena_signal_y=4'h4","actual":"arena_signal_y=4'h4","nonce":"64cc976ea8b64f86"}
# ::VECTOR_PASS:: {"id":1,"cycle":14,"stimulus":"arena_signal_a=4'h9, arena_signal_b=4'hc, arena_signal_sel=0","expected":"arena_signal_y=4'h9","actual":"arena_signal_y=4'h9","nonce":"64cc976ea8b64f86"}
# ::VECTOR_PASS:: {"id":1,"cycle":15,"stimulus":"arena_signal_a=4'h7, arena_signal_b=4'h8, arena_signal_sel=1","expected":"arena_signal_y=4'h8","actual":"arena_signal_y=4'h8","nonce":"64cc976ea8b64f86"}
# ::VECTOR_PASS:: {"id":1,"cycle":16,"stimulus":"arena_signal_a=4'h3, arena_signal_b=4'h3, arena_signal_sel=0","expected":"arena_signal_y=4'h3","actual":"arena_signal_y=4'h3","nonce":"64cc976ea8b64f86"}
# ::VECTOR_PASS:: {"id":1,"cycle":17,"stimulus":"arena_signal_a=4'h6, arena_signal_b=4'hc, arena_signal_sel=1","expected":"arena_signal_y=4'hc","actual":"arena_signal_y=4'hc","nonce":"64cc976ea8b64f86"}
# ::VECTOR_PASS:: {"id":1,"cycle":18,"stimulus":"arena_signal_a=4'h9, arena_signal_b=4'h2, arena_signal_sel=1","expected":"arena_signal_y=4'h2","actual":"arena_signal_y=4'h2","nonce":"64cc976ea8b64f86"}
# ::VECTOR_PASS:: {"id":1,"cycle":19,"stimulus":"arena_signal_a=4'h7, arena_signal_b=4'h5, arena_signal_sel=0","expected":"arena_signal_y=4'h7","actual":"arena_signal_y=4'h7","nonce":"64cc976ea8b64f86"}
# ::VECTOR_PASS:: {"id":1,"cycle":20,"stimulus":"arena_signal_a=4'h6, arena_signal_b=4'hd, arena_signal_sel=0","expected":"arena_signal_y=4'h6","actual":"arena_signal_y=4'h6","nonce":"64cc976ea8b64f86"}
# ::VECTOR_PASS:: {"id":1,"cycle":21,"stimulus":"arena_signal_a=4'h6, arena_signal_b=4'h1, arena_signal_sel=1","expected":"arena_signal_y=4'h1","actual":"arena_signal_y=4'h1","nonce":"64cc976ea8b64f86"}
# ::VECTOR_PASS:: {"id":1,"cycle":22,"stimulus":"arena_signal_a=4'h2, arena_signal_b=4'hb, arena_signal_sel=0","expected":"arena_signal_y=4'h2","actual":"arena_signal_y=4'h2","nonce":"64cc976ea8b64f86"}
# ::VECTOR_PASS:: {"id":1,"cycle":23,"stimulus":"arena_signal_a=4'h0, arena_signal_b=4'h8, arena_signal_sel=1","expected":"arena_signal_y=4'h8","actual":"arena_signal_y=4'h8","nonce":"64cc976ea8b64f86"}
# ::VECTOR_PASS:: {"id":1,"cycle":24,"stimulus":"arena_signal_a=4'hd, arena_signal_b=4'hb, arena_signal_sel=1","expected":"arena_signal_y=4'hb","actual":"arena_signal_y=4'hb","nonce":"64cc976ea8b64f86"}
# ::VECTOR_PASS:: {"id":1,"cycle":25,"stimulus":"arena_signal_a=4'h1, arena_signal_b=4'h1, arena_signal_sel=0","expected":"arena_signal_y=4'h1","actual":"arena_signal_y=4'h1","nonce":"64cc976ea8b64f86"}
# ::VECTOR_PASS:: {"id":1,"cycle":26,"stimulus":"arena_signal_a=4'h0, arena_signal_b=4'h1, arena_signal_sel=0","expected":"arena_signal_y=4'h0","actual":"arena_signal_y=4'h0","nonce":"64cc976ea8b64f86"}
# ::VECTOR_PASS:: {"id":1,"cycle":27,"stimulus":"arena_signal_a=4'h4, arena_signal_b=4'h6, arena_signal_sel=0","expected":"arena_signal_y=4'h4","actual":"arena_signal_y=4'h4","nonce":"64cc976ea8b64f86"}
# ::VECTOR_PASS:: {"id":1,"cycle":28,"stimulus":"arena_signal_a=4'h4, arena_signal_b=4'hc, arena_signal_sel=1","expected":"arena_signal_y=4'hc","actual":"arena_signal_y=4'hc","nonce":"64cc976ea8b64f86"}
# ::VECTOR_PASS:: {"id":1,"cycle":29,"stimulus":"arena_signal_a=4'h4, arena_signal_b=4'h9, arena_signal_sel=1","expected":"arena_signal_y=4'h9","actual":"arena_signal_y=4'h9","nonce":"64cc976ea8b64f86"}
# ::VECTOR_PASS:: {"id":1,"cycle":30,"stimulus":"arena_signal_a=4'h8, arena_signal_b=4'hc, arena_signal_sel=1","expected":"arena_signal_y=4'hc","actual":"arena_signal_y=4'hc","nonce":"64cc976ea8b64f86"}
# ::VECTOR_PASS:: {"id":1,"cycle":31,"stimulus":"arena_signal_a=4'hd, arena_signal_b=4'ha, arena_signal_sel=0","expected":"arena_signal_y=4'hd","actual":"arena_signal_y=4'hd","nonce":"64cc976ea8b64f86"}
# ::VECTOR_PASS:: {"id":1,"cycle":32,"stimulus":"arena_signal_a=4'h9, arena_signal_b=4'h3, arena_signal_sel=0","expected":"arena_signal_y=4'h9","actual":"arena_signal_y=4'h9","nonce":"64cc976ea8b64f86"}
# ::VECTOR_PASS:: {"id":1,"cycle":33,"stimulus":"arena_signal_a=4'h5, arena_signal_b=4'hd, arena_signal_sel=0","expected":"arena_signal_y=4'h5","actual":"arena_signal_y=4'h5","nonce":"64cc976ea8b64f86"}
# ::VECTOR_PASS:: {"id":1,"cycle":34,"stimulus":"arena_signal_a=4'hc, arena_signal_b=4'hb, arena_signal_sel=0","expected":"arena_signal_y=4'hc","actual":"arena_signal_y=4'hc","nonce":"64cc976ea8b64f86"}
# ::TEST_PASS:: {"id":1,"cycles":34,"nonce":"64cc976ea8b64f86"}
# ::TEST_START:: {"id":2,"name":"Random stimulus batch 2","category":"randomized","requirement":"Robustness under randomized stimulus","nonce":"64cc976ea8b64f86"}
# ::VECTOR_PASS:: {"id":2,"cycle":35,"stimulus":"arena_signal_a=4'h0, arena_signal_b=4'h0, arena_signal_sel=0","expected":"arena_signal_y=4'h0","actual":"arena_signal_y=4'h0","nonce":"64cc976ea8b64f86"}
# ::VECTOR_PASS:: {"id":2,"cycle":36,"stimulus":"arena_signal_a=4'ha, arena_signal_b=4'h6, arena_signal_sel=1","expected":"arena_signal_y=4'h6","actual":"arena_signal_y=4'h6","nonce":"64cc976ea8b64f86"}
# ::VECTOR_PASS:: {"id":2,"cycle":37,"stimulus":"arena_signal_a=4'h7, arena_signal_b=4'h4, arena_signal_sel=1","expected":"arena_signal_y=4'h4","actual":"arena_signal_y=4'h4","nonce":"64cc976ea8b64f86"}
# ::VECTOR_PASS:: {"id":2,"cycle":38,"stimulus":"arena_signal_a=4'h8, arena_signal_b=4'h6, arena_signal_sel=0","expected":"arena_signal_y=4'h8","actual":"arena_signal_y=4'h8","nonce":"64cc976ea8b64f86"}
# ::VECTOR_PASS:: {"id":2,"cycle":39,"stimulus":"arena_signal_a=4'hc, arena_signal_b=4'hb, arena_signal_sel=1","expected":"arena_signal_y=4'hb","actual":"arena_signal_y=4'hb","nonce":"64cc976ea8b64f86"}
# ::VECTOR_PASS:: {"id":2,"cycle":40,"stimulus":"arena_signal_a=4'h6, arena_signal_b=4'h1, arena_signal_sel=1","expected":"arena_signal_y=4'h1","actual":"arena_signal_y=4'h1","nonce":"64cc976ea8b64f86"}
# ::VECTOR_PASS:: {"id":2,"cycle":41,"stimulus":"arena_signal_a=4'h1, arena_signal_b=4'h8, arena_signal_sel=0","expected":"arena_signal_y=4'h1","actual":"arena_signal_y=4'h1","nonce":"64cc976ea8b64f86"}
# ::VECTOR_PASS:: {"id":2,"cycle":42,"stimulus":"arena_signal_a=4'h4, arena_signal_b=4'h9, arena_signal_sel=0","expected":"arena_signal_y=4'h4","actual":"arena_signal_y=4'h4","nonce":"64cc976ea8b64f86"}
# ::VECTOR_PASS:: {"id":2,"cycle":43,"stimulus":"arena_signal_a=4'h6, arena_signal_b=4'hb, arena_signal_sel=1","expected":"arena_signal_y=4'hb","actual":"arena_signal_y=4'hb","nonce":"64cc976ea8b64f86"}
# ::VECTOR_PASS:: {"id":2,"cycle":44,"stimulus":"arena_signal_a=4'h3, arena_signal_b=4'ha, arena_signal_sel=0","expected":"arena_signal_y=4'h3","actual":"arena_signal_y=4'h3","nonce":"64cc976ea8b64f86"}
# ::VECTOR_PASS:: {"id":2,"cycle":45,"stimulus":"arena_signal_a=4'h5, arena_signal_b=4'h1, arena_signal_sel=0","expected":"arena_signal_y=4'h5","actual":"arena_signal_y=4'h5","nonce":"64cc976ea8b64f86"}
# ::VECTOR_PASS:: {"id":2,"cycle":46,"stimulus":"arena_signal_a=4'h5, arena_signal_b=4'h0, arena_signal_sel=1","expected":"arena_signal_y=4'h0","actual":"arena_signal_y=4'h0","nonce":"64cc976ea8b64f86"}
# ::VECTOR_PASS:: {"id":2,"cycle":47,"stimulus":"arena_signal_a=4'h9, arena_signal_b=4'h1, arena_signal_sel=1","expected":"arena_signal_y=4'h1","actual":"arena_signal_y=4'h1","nonce":"64cc976ea8b64f86"}
# ::VECTOR_PASS:: {"id":2,"cycle":48,"stimulus":"arena_signal_a=4'h4, arena_signal_b=4'h6, arena_signal_sel=0","expected":"arena_signal_y=4'h4","actual":"arena_signal_y=4'h4","nonce":"64cc976ea8b64f86"}
# ::VECTOR_PASS:: {"id":2,"cycle":49,"stimulus":"arena_signal_a=4'h9, arena_signal_b=4'h5, arena_signal_sel=0","expected":"arena_signal_y=4'h9","actual":"arena_signal_y=4'h9","nonce":"64cc976ea8b64f86"}
# ::VECTOR_PASS:: {"id":2,"cycle":50,"stimulus":"arena_signal_a=4'hc, arena_signal_b=4'hc, arena_signal_sel=0","expected":"arena_signal_y=4'hc","actual":"arena_signal_y=4'hc","nonce":"64cc976ea8b64f86"}
# ::VECTOR_PASS:: {"id":2,"cycle":51,"stimulus":"arena_signal_a=4'hf, arena_signal_b=4'ha, arena_signal_sel=1","expected":"arena_signal_y=4'ha","actual":"arena_signal_y=4'ha","nonce":"64cc976ea8b64f86"}
# ::VECTOR_PASS:: {"id":2,"cycle":52,"stimulus":"arena_signal_a=4'he, arena_signal_b=4'h7, arena_signal_sel=1","expected":"arena_signal_y=4'h7","actual":"arena_signal_y=4'h7","nonce":"64cc976ea8b64f86"}
# ::VECTOR_PASS:: {"id":2,"cycle":53,"stimulus":"arena_signal_a=4'hb, arena_signal_b=4'h6, arena_signal_sel=1","expected":"arena_signal_y=4'h6","actual":"arena_signal_y=4'h6","nonce":"64cc976ea8b64f86"}
# ::VECTOR_PASS:: {"id":2,"cycle":54,"stimulus":"arena_signal_a=4'hc, arena_signal_b=4'h0, arena_signal_sel=1","expected":"arena_signal_y=4'h0","actual":"arena_signal_y=4'h0","nonce":"64cc976ea8b64f86"}
# ::VECTOR_PASS:: {"id":2,"cycle":55,"stimulus":"arena_signal_a=4'he, arena_signal_b=4'h3, arena_signal_sel=1","expected":"arena_signal_y=4'h3","actual":"arena_signal_y=4'h3","nonce":"64cc976ea8b64f86"}
# ::VECTOR_PASS:: {"id":2,"cycle":56,"stimulus":"arena_signal_a=4'h4, arena_signal_b=4'hb, arena_signal_sel=0","expected":"arena_signal_y=4'h4","actual":"arena_signal_y=4'h4","nonce":"64cc976ea8b64f86"}
# ::VECTOR_PASS:: {"id":2,"cycle":57,"stimulus":"arena_signal_a=4'h0, arena_signal_b=4'h6, arena_signal_sel=0","expected":"arena_signal_y=4'h0","actual":"arena_signal_y=4'h0","nonce":"64cc976ea8b64f86"}
# ::VECTOR_PASS:: {"id":2,"cycle":58,"stimulus":"arena_signal_a=4'he, arena_signal_b=4'h3, arena_signal_sel=0","expected":"arena_signal_y=4'he","actual":"arena_signal_y=4'he","nonce":"64cc976ea8b64f86"}
# ::VECTOR_PASS:: {"id":2,"cycle":59,"stimulus":"arena_signal_a=4'hd, arena_signal_b=4'h8, arena_signal_sel=0","expected":"arena_signal_y=4'hd","actual":"arena_signal_y=4'hd","nonce":"64cc976ea8b64f86"}
# ::TEST_PASS:: {"id":2,"cycles":59,"nonce":"64cc976ea8b64f86"}
# ::TEST_START:: {"id":3,"name":"Random stimulus batch 3","category":"randomized","requirement":"Robustness under randomized stimulus","nonce":"64cc976ea8b64f86"}
# ::VECTOR_PASS:: {"id":3,"cycle":60,"stimulus":"arena_signal_a=4'h0, arena_signal_b=4'h0, arena_signal_sel=0","expected":"arena_signal_y=4'h0","actual":"arena_signal_y=4'h0","nonce":"64cc976ea8b64f86"}
# ::VECTOR_PASS:: {"id":3,"cycle":61,"stimulus":"arena_signal_a=4'h9, arena_signal_b=4'h4, arena_signal_sel=1","expected":"arena_signal_y=4'h4","actual":"arena_signal_y=4'h4","nonce":"64cc976ea8b64f86"}
# ::VECTOR_PASS:: {"id":3,"cycle":62,"stimulus":"arena_signal_a=4'hb, arena_signal_b=4'h7, arena_signal_sel=0","expected":"arena_signal_y=4'hb","actual":"arena_signal_y=4'hb","nonce":"64cc976ea8b64f86"}
# ::VECTOR_PASS:: {"id":3,"cycle":63,"stimulus":"arena_signal_a=4'h9, arena_signal_b=4'ha, arena_signal_sel=1","expected":"arena_signal_y=4'ha","actual":"arena_signal_y=4'ha","nonce":"64cc976ea8b64f86"}
# ::VECTOR_PASS:: {"id":3,"cycle":64,"stimulus":"arena_signal_a=4'ha, arena_signal_b=4'h0, arena_signal_sel=0","expected":"arena_signal_y=4'ha","actual":"arena_signal_y=4'ha","nonce":"64cc976ea8b64f86"}
# ::VECTOR_PASS:: {"id":3,"cycle":65,"stimulus":"arena_signal_a=4'hf, arena_signal_b=4'h2, arena_signal_sel=1","expected":"arena_signal_y=4'h2","actual":"arena_signal_y=4'h2","nonce":"64cc976ea8b64f86"}
# ::VECTOR_PASS:: {"id":3,"cycle":66,"stimulus":"arena_signal_a=4'h4, arena_signal_b=4'hb, arena_signal_sel=0","expected":"arena_signal_y=4'h4","actual":"arena_signal_y=4'h4","nonce":"64cc976ea8b64f86"}
# ::VECTOR_PASS:: {"id":3,"cycle":67,"stimulus":"arena_signal_a=4'h1, arena_signal_b=4'h1, arena_signal_sel=0","expected":"arena_signal_y=4'h1","actual":"arena_signal_y=4'h1","nonce":"64cc976ea8b64f86"}
# ::VECTOR_PASS:: {"id":3,"cycle":68,"stimulus":"arena_signal_a=4'h6, arena_signal_b=4'h3, arena_signal_sel=0","expected":"arena_signal_y=4'h6","actual":"arena_signal_y=4'h6","nonce":"64cc976ea8b64f86"}
# ::VECTOR_PASS:: {"id":3,"cycle":69,"stimulus":"arena_signal_a=4'h8, arena_signal_b=4'h3, arena_signal_sel=1","expected":"arena_signal_y=4'h3","actual":"arena_signal_y=4'h3","nonce":"64cc976ea8b64f86"}
# ::VECTOR_PASS:: {"id":3,"cycle":70,"stimulus":"arena_signal_a=4'hd, arena_signal_b=4'hd, arena_signal_sel=1","expected":"arena_signal_y=4'hd","actual":"arena_signal_y=4'hd","nonce":"64cc976ea8b64f86"}
# ::VECTOR_PASS:: {"id":3,"cycle":71,"stimulus":"arena_signal_a=4'he, arena_signal_b=4'h0, arena_signal_sel=1","expected":"arena_signal_y=4'h0","actual":"arena_signal_y=4'h0","nonce":"64cc976ea8b64f86"}
# ::VECTOR_PASS:: {"id":3,"cycle":72,"stimulus":"arena_signal_a=4'hf, arena_signal_b=4'h7, arena_signal_sel=1","expected":"arena_signal_y=4'h7","actual":"arena_signal_y=4'h7","nonce":"64cc976ea8b64f86"}
# ::VECTOR_PASS:: {"id":3,"cycle":73,"stimulus":"arena_signal_a=4'hd, arena_signal_b=4'h3, arena_signal_sel=0","expected":"arena_signal_y=4'hd","actual":"arena_signal_y=4'hd","nonce":"64cc976ea8b64f86"}
# ::VECTOR_PASS:: {"id":3,"cycle":74,"stimulus":"arena_signal_a=4'h7, arena_signal_b=4'h0, arena_signal_sel=1","expected":"arena_signal_y=4'h0","actual":"arena_signal_y=4'h0","nonce":"64cc976ea8b64f86"}
# ::VECTOR_PASS:: {"id":3,"cycle":75,"stimulus":"arena_signal_a=4'h9, arena_signal_b=4'he, arena_signal_sel=0","expected":"arena_signal_y=4'h9","actual":"arena_signal_y=4'h9","nonce":"64cc976ea8b64f86"}
# ::VECTOR_PASS:: {"id":3,"cycle":76,"stimulus":"arena_signal_a=4'he, arena_signal_b=4'h9, arena_signal_sel=1","expected":"arena_signal_y=4'h9","actual":"arena_signal_y=4'h9","nonce":"64cc976ea8b64f86"}
# ::VECTOR_PASS:: {"id":3,"cycle":77,"stimulus":"arena_signal_a=4'h3, arena_signal_b=4'he, arena_signal_sel=0","expected":"arena_signal_y=4'h3","actual":"arena_signal_y=4'h3","nonce":"64cc976ea8b64f86"}
# ::VECTOR_PASS:: {"id":3,"cycle":78,"stimulus":"arena_signal_a=4'hf, arena_signal_b=4'h4, arena_signal_sel=1","expected":"arena_signal_y=4'h4","actual":"arena_signal_y=4'h4","nonce":"64cc976ea8b64f86"}
# ::VECTOR_PASS:: {"id":3,"cycle":79,"stimulus":"arena_signal_a=4'hc, arena_signal_b=4'h3, arena_signal_sel=0","expected":"arena_signal_y=4'hc","actual":"arena_signal_y=4'hc","nonce":"64cc976ea8b64f86"}
# ::VECTOR_PASS:: {"id":3,"cycle":80,"stimulus":"arena_signal_a=4'he, arena_signal_b=4'h7, arena_signal_sel=0","expected":"arena_signal_y=4'he","actual":"arena_signal_y=4'he","nonce":"64cc976ea8b64f86"}
# ::VECTOR_PASS:: {"id":3,"cycle":81,"stimulus":"arena_signal_a=4'h5, arena_signal_b=4'h4, arena_signal_sel=0","expected":"arena_signal_y=4'h5","actual":"arena_signal_y=4'h5","nonce":"64cc976ea8b64f86"}
# ::VECTOR_PASS:: {"id":3,"cycle":82,"stimulus":"arena_signal_a=4'hc, arena_signal_b=4'h2, arena_signal_sel=1","expected":"arena_signal_y=4'h2","actual":"arena_signal_y=4'h2","nonce":"64cc976ea8b64f86"}
# ::VECTOR_PASS:: {"id":3,"cycle":83,"stimulus":"arena_signal_a=4'hb, arena_signal_b=4'h9, arena_signal_sel=0","expected":"arena_signal_y=4'hb","actual":"arena_signal_y=4'hb","nonce":"64cc976ea8b64f86"}
# ::VECTOR_PASS:: {"id":3,"cycle":84,"stimulus":"arena_signal_a=4'h6, arena_signal_b=4'h7, arena_signal_sel=0","expected":"arena_signal_y=4'h6","actual":"arena_signal_y=4'h6","nonce":"64cc976ea8b64f86"}
# ::TEST_PASS:: {"id":3,"cycles":84,"nonce":"64cc976ea8b64f86"}
# ::TEST_START:: {"id":4,"name":"Random stimulus batch 4","category":"randomized","requirement":"Robustness under randomized stimulus","nonce":"64cc976ea8b64f86"}
# ::VECTOR_PASS:: {"id":4,"cycle":85,"stimulus":"arena_signal_a=4'h0, arena_signal_b=4'h0, arena_signal_sel=0","expected":"arena_signal_y=4'h0","actual":"arena_signal_y=4'h0","nonce":"64cc976ea8b64f86"}
# ::VECTOR_PASS:: {"id":4,"cycle":86,"stimulus":"arena_signal_a=4'hd, arena_signal_b=4'hb, arena_signal_sel=0","expected":"arena_signal_y=4'hd","actual":"arena_signal_y=4'hd","nonce":"64cc976ea8b64f86"}
# ::VECTOR_PASS:: {"id":4,"cycle":87,"stimulus":"arena_signal_a=4'h5, arena_signal_b=4'h6, arena_signal_sel=0","expected":"arena_signal_y=4'h5","actual":"arena_signal_y=4'h5","nonce":"64cc976ea8b64f86"}
# ::VECTOR_PASS:: {"id":4,"cycle":88,"stimulus":"arena_signal_a=4'hd, arena_signal_b=4'h6, arena_signal_sel=1","expected":"arena_signal_y=4'h6","actual":"arena_signal_y=4'h6","nonce":"64cc976ea8b64f86"}
# ::VECTOR_PASS:: {"id":4,"cycle":89,"stimulus":"arena_signal_a=4'h3, arena_signal_b=4'h5, arena_signal_sel=0","expected":"arena_signal_y=4'h3","actual":"arena_signal_y=4'h3","nonce":"64cc976ea8b64f86"}
# ::VECTOR_PASS:: {"id":4,"cycle":90,"stimulus":"arena_signal_a=4'h5, arena_signal_b=4'hd, arena_signal_sel=0","expected":"arena_signal_y=4'h5","actual":"arena_signal_y=4'h5","nonce":"64cc976ea8b64f86"}
# ::VECTOR_PASS:: {"id":4,"cycle":91,"stimulus":"arena_signal_a=4'h7, arena_signal_b=4'h8, arena_signal_sel=0","expected":"arena_signal_y=4'h7","actual":"arena_signal_y=4'h7","nonce":"64cc976ea8b64f86"}
# ::VECTOR_PASS:: {"id":4,"cycle":92,"stimulus":"arena_signal_a=4'ha, arena_signal_b=4'h0, arena_signal_sel=0","expected":"arena_signal_y=4'ha","actual":"arena_signal_y=4'ha","nonce":"64cc976ea8b64f86"}
# ::VECTOR_PASS:: {"id":4,"cycle":93,"stimulus":"arena_signal_a=4'h5, arena_signal_b=4'hd, arena_signal_sel=0","expected":"arena_signal_y=4'h5","actual":"arena_signal_y=4'h5","nonce":"64cc976ea8b64f86"}
# ::VECTOR_PASS:: {"id":4,"cycle":94,"stimulus":"arena_signal_a=4'h8, arena_signal_b=4'h0, arena_signal_sel=1","expected":"arena_signal_y=4'h0","actual":"arena_signal_y=4'h0","nonce":"64cc976ea8b64f86"}
# ::VECTOR_PASS:: {"id":4,"cycle":95,"stimulus":"arena_signal_a=4'hd, arena_signal_b=4'he, arena_signal_sel=0","expected":"arena_signal_y=4'hd","actual":"arena_signal_y=4'hd","nonce":"64cc976ea8b64f86"}
# ::VECTOR_PASS:: {"id":4,"cycle":96,"stimulus":"arena_signal_a=4'h5, arena_signal_b=4'hc, arena_signal_sel=0","expected":"arena_signal_y=4'h5","actual":"arena_signal_y=4'h5","nonce":"64cc976ea8b64f86"}
# ::VECTOR_PASS:: {"id":4,"cycle":97,"stimulus":"arena_signal_a=4'h0, arena_signal_b=4'hb, arena_signal_sel=1","expected":"arena_signal_y=4'hb","actual":"arena_signal_y=4'hb","nonce":"64cc976ea8b64f86"}
# ::VECTOR_PASS:: {"id":4,"cycle":98,"stimulus":"arena_signal_a=4'hc, arena_signal_b=4'h5, arena_signal_sel=0","expected":"arena_signal_y=4'hc","actual":"arena_signal_y=4'hc","nonce":"64cc976ea8b64f86"}
# ::VECTOR_PASS:: {"id":4,"cycle":99,"stimulus":"arena_signal_a=4'h6, arena_signal_b=4'h1, arena_signal_sel=1","expected":"arena_signal_y=4'h1","actual":"arena_signal_y=4'h1","nonce":"64cc976ea8b64f86"}
# ::VECTOR_PASS:: {"id":4,"cycle":100,"stimulus":"arena_signal_a=4'h2, arena_signal_b=4'h5, arena_signal_sel=0","expected":"arena_signal_y=4'h2","actual":"arena_signal_y=4'h2","nonce":"64cc976ea8b64f86"}
# ::VECTOR_PASS:: {"id":4,"cycle":101,"stimulus":"arena_signal_a=4'h0, arena_signal_b=4'h6, arena_signal_sel=0","expected":"arena_signal_y=4'h0","actual":"arena_signal_y=4'h0","nonce":"64cc976ea8b64f86"}
# ::VECTOR_PASS:: {"id":4,"cycle":102,"stimulus":"arena_signal_a=4'h8, arena_signal_b=4'hd, arena_signal_sel=1","expected":"arena_signal_y=4'hd","actual":"arena_signal_y=4'hd","nonce":"64cc976ea8b64f86"}
# ::VECTOR_PASS:: {"id":4,"cycle":103,"stimulus":"arena_signal_a=4'hb, arena_signal_b=4'h4, arena_signal_sel=0","expected":"arena_signal_y=4'hb","actual":"arena_signal_y=4'hb","nonce":"64cc976ea8b64f86"}
# ::VECTOR_PASS:: {"id":4,"cycle":104,"stimulus":"arena_signal_a=4'he, arena_signal_b=4'h0, arena_signal_sel=1","expected":"arena_signal_y=4'h0","actual":"arena_signal_y=4'h0","nonce":"64cc976ea8b64f86"}
# ::VECTOR_PASS:: {"id":4,"cycle":105,"stimulus":"arena_signal_a=4'h5, arena_signal_b=4'h6, arena_signal_sel=0","expected":"arena_signal_y=4'h5","actual":"arena_signal_y=4'h5","nonce":"64cc976ea8b64f86"}
# ::VECTOR_PASS:: {"id":4,"cycle":106,"stimulus":"arena_signal_a=4'h2, arena_signal_b=4'h9, arena_signal_sel=1","expected":"arena_signal_y=4'h9","actual":"arena_signal_y=4'h9","nonce":"64cc976ea8b64f86"}
# ::VECTOR_PASS:: {"id":4,"cycle":107,"stimulus":"arena_signal_a=4'hc, arena_signal_b=4'ha, arena_signal_sel=0","expected":"arena_signal_y=4'hc","actual":"arena_signal_y=4'hc","nonce":"64cc976ea8b64f86"}
# ::VECTOR_PASS:: {"id":4,"cycle":108,"stimulus":"arena_signal_a=4'h0, arena_signal_b=4'he, arena_signal_sel=0","expected":"arena_signal_y=4'h0","actual":"arena_signal_y=4'h0","nonce":"64cc976ea8b64f86"}
# ::VECTOR_PASS:: {"id":4,"cycle":109,"stimulus":"arena_signal_a=4'h8, arena_signal_b=4'hf, arena_signal_sel=0","expected":"arena_signal_y=4'h8","actual":"arena_signal_y=4'h8","nonce":"64cc976ea8b64f86"}
# ::TEST_PASS:: {"id":4,"cycles":109,"nonce":"64cc976ea8b64f86"}
# ::TEST_START:: {"id":5,"name":"Random stimulus batch 5","category":"randomized","requirement":"Robustness under randomized stimulus","nonce":"64cc976ea8b64f86"}
# ::VECTOR_PASS:: {"id":5,"cycle":110,"stimulus":"arena_signal_a=4'h0, arena_signal_b=4'h0, arena_signal_sel=0","expected":"arena_signal_y=4'h0","actual":"arena_signal_y=4'h0","nonce":"64cc976ea8b64f86"}
# ::VECTOR_PASS:: {"id":5,"cycle":111,"stimulus":"arena_signal_a=4'h5, arena_signal_b=4'he, arena_signal_sel=1","expected":"arena_signal_y=4'he","actual":"arena_signal_y=4'he","nonce":"64cc976ea8b64f86"}
# ::VECTOR_PASS:: {"id":5,"cycle":112,"stimulus":"arena_signal_a=4'ha, arena_signal_b=4'h6, arena_signal_sel=1","expected":"arena_signal_y=4'h6","actual":"arena_signal_y=4'h6","nonce":"64cc976ea8b64f86"}
# ::VECTOR_PASS:: {"id":5,"cycle":113,"stimulus":"arena_signal_a=4'h3, arena_signal_b=4'ha, arena_signal_sel=0","expected":"arena_signal_y=4'h3","actual":"arena_signal_y=4'h3","nonce":"64cc976ea8b64f86"}
# ::VECTOR_PASS:: {"id":5,"cycle":114,"stimulus":"arena_signal_a=4'h5, arena_signal_b=4'h4, arena_signal_sel=0","expected":"arena_signal_y=4'h5","actual":"arena_signal_y=4'h5","nonce":"64cc976ea8b64f86"}
# ::VECTOR_PASS:: {"id":5,"cycle":115,"stimulus":"arena_signal_a=4'h3, arena_signal_b=4'hf, arena_signal_sel=1","expected":"arena_signal_y=4'hf","actual":"arena_signal_y=4'hf","nonce":"64cc976ea8b64f86"}
# ::VECTOR_PASS:: {"id":5,"cycle":116,"stimulus":"arena_signal_a=4'h8, arena_signal_b=4'he, arena_signal_sel=0","expected":"arena_signal_y=4'h8","actual":"arena_signal_y=4'h8","nonce":"64cc976ea8b64f86"}
# ::VECTOR_PASS:: {"id":5,"cycle":117,"stimulus":"arena_signal_a=4'h3, arena_signal_b=4'h3, arena_signal_sel=0","expected":"arena_signal_y=4'h3","actual":"arena_signal_y=4'h3","nonce":"64cc976ea8b64f86"}
# ::VECTOR_PASS:: {"id":5,"cycle":118,"stimulus":"arena_signal_a=4'h2, arena_signal_b=4'h0, arena_signal_sel=1","expected":"arena_signal_y=4'h0","actual":"arena_signal_y=4'h0","nonce":"64cc976ea8b64f86"}
# ::VECTOR_PASS:: {"id":5,"cycle":119,"stimulus":"arena_signal_a=4'hd, arena_signal_b=4'h9, arena_signal_sel=0","expected":"arena_signal_y=4'hd","actual":"arena_signal_y=4'hd","nonce":"64cc976ea8b64f86"}
# ::VECTOR_PASS:: {"id":5,"cycle":120,"stimulus":"arena_signal_a=4'h9, arena_signal_b=4'h4, arena_signal_sel=1","expected":"arena_signal_y=4'h4","actual":"arena_signal_y=4'h4","nonce":"64cc976ea8b64f86"}
# ::VECTOR_PASS:: {"id":5,"cycle":121,"stimulus":"arena_signal_a=4'h5, arena_signal_b=4'hb, arena_signal_sel=0","expected":"arena_signal_y=4'h5","actual":"arena_signal_y=4'h5","nonce":"64cc976ea8b64f86"}
# ::VECTOR_PASS:: {"id":5,"cycle":122,"stimulus":"arena_signal_a=4'h1, arena_signal_b=4'h0, arena_signal_sel=0","expected":"arena_signal_y=4'h1","actual":"arena_signal_y=4'h1","nonce":"64cc976ea8b64f86"}
# ::VECTOR_PASS:: {"id":5,"cycle":123,"stimulus":"arena_signal_a=4'hc, arena_signal_b=4'hf, arena_signal_sel=1","expected":"arena_signal_y=4'hf","actual":"arena_signal_y=4'hf","nonce":"64cc976ea8b64f86"}
# ::VECTOR_PASS:: {"id":5,"cycle":124,"stimulus":"arena_signal_a=4'h7, arena_signal_b=4'h3, arena_signal_sel=1","expected":"arena_signal_y=4'h3","actual":"arena_signal_y=4'h3","nonce":"64cc976ea8b64f86"}
# ::VECTOR_PASS:: {"id":5,"cycle":125,"stimulus":"arena_signal_a=4'h3, arena_signal_b=4'ha, arena_signal_sel=1","expected":"arena_signal_y=4'ha","actual":"arena_signal_y=4'ha","nonce":"64cc976ea8b64f86"}
# ::VECTOR_PASS:: {"id":5,"cycle":126,"stimulus":"arena_signal_a=4'hc, arena_signal_b=4'h9, arena_signal_sel=1","expected":"arena_signal_y=4'h9","actual":"arena_signal_y=4'h9","nonce":"64cc976ea8b64f86"}
# ::VECTOR_PASS:: {"id":5,"cycle":127,"stimulus":"arena_signal_a=4'h0, arena_signal_b=4'h7, arena_signal_sel=0","expected":"arena_signal_y=4'h0","actual":"arena_signal_y=4'h0","nonce":"64cc976ea8b64f86"}
# ::VECTOR_PASS:: {"id":5,"cycle":128,"stimulus":"arena_signal_a=4'hf, arena_signal_b=4'h7, arena_signal_sel=1","expected":"arena_signal_y=4'h7","actual":"arena_signal_y=4'h7","nonce":"64cc976ea8b64f86"}
# ::VECTOR_PASS:: {"id":5,"cycle":129,"stimulus":"arena_signal_a=4'h2, arena_signal_b=4'hd, arena_signal_sel=0","expected":"arena_signal_y=4'h2","actual":"arena_signal_y=4'h2","nonce":"64cc976ea8b64f86"}
# ::VECTOR_PASS:: {"id":5,"cycle":130,"stimulus":"arena_signal_a=4'ha, arena_signal_b=4'hd, arena_signal_sel=0","expected":"arena_signal_y=4'ha","actual":"arena_signal_y=4'ha","nonce":"64cc976ea8b64f86"}
# ::VECTOR_PASS:: {"id":5,"cycle":131,"stimulus":"arena_signal_a=4'he, arena_signal_b=4'h6, arena_signal_sel=1","expected":"arena_signal_y=4'h6","actual":"arena_signal_y=4'h6","nonce":"64cc976ea8b64f86"}
# ::VECTOR_PASS:: {"id":5,"cycle":132,"stimulus":"arena_signal_a=4'h4, arena_signal_b=4'h8, arena_signal_sel=0","expected":"arena_signal_y=4'h4","actual":"arena_signal_y=4'h4","nonce":"64cc976ea8b64f86"}
# ::VECTOR_PASS:: {"id":5,"cycle":133,"stimulus":"arena_signal_a=4'hb, arena_signal_b=4'h9, arena_signal_sel=1","expected":"arena_signal_y=4'h9","actual":"arena_signal_y=4'h9","nonce":"64cc976ea8b64f86"}
# ::VECTOR_PASS:: {"id":5,"cycle":134,"stimulus":"arena_signal_a=4'hb, arena_signal_b=4'h1, arena_signal_sel=1","expected":"arena_signal_y=4'h1","actual":"arena_signal_y=4'h1","nonce":"64cc976ea8b64f86"}
# ::TEST_PASS:: {"id":5,"cycles":134,"nonce":"64cc976ea8b64f86"}
# ::TEST_SUMMARY:: {"total":6,"passed":6,"failed":0,"score":100,"nonce":"64cc976ea8b64f86"}
# ::JUDGE_DONE:: {"cycles":134,"cases":6,"mismatches":0,"nonce":"64cc976ea8b64f86"}
# ** Note: $finish    : hidden_lockstep_tb.sv(263)
#    Time: 1520 ns  Iteration: 0  Instance: /hidden_lockstep_tb
# End time: 12:25:21 on Oct 07,2026, Elapsed time: 0:00:01
# Errors: 0, Warnings: 1
