QuestaSim-64 vlog 2024.1 Compiler 2024.02 Feb  1 2024
Start time: 11:23:54 on Oct 08,2026
vlog -sv nested_vic.sv verification_if.sv coverage_submission.sv 
-- Compiling module nested_vic
-- Compiling interface nested_vic_if
-- Compiling package coverage_submission_sv_unit
-- Compiling module __vlsi_coverage_challenge_top

Top level modules:
	__vlsi_coverage_challenge_top
End time: 11:23:54 on Oct 08,2026, Elapsed time: 0:00:00
Errors: 0, Warnings: 0

# vsim -c -voptargs="+acc" -l C:\Users\rnave\AppData\Roaming\vlsi-tracker\workspaces\C__Users_rnave_AppData_Roaming_vlsi-tracker_workspaces_task_gen_1791438467997_1791438495538\transcript.log __vlsi_coverage_challenge_top -do "run.do" 
# Start time: 11:23:55 on Oct 08,2026
# ** Note: (vsim-3813) Design is being optimized due to module recompilation...
# ** Warning: (vopt-10587) Some optimizations are turned off because the +acc switch is in effect. This will cause your simulation to run slowly. Please use -access/-debug to maintain needed visibility.
# Support of the MGLS_LICENSE_FILE and LM_LICENSE_FILE licensing environment variables will be discontinued starting with the 2025.1 release. Please update to using the SALT_LICENSE_SERVER variable.
# Please contact Siemens EDA Customer Support (https://support.sw.siemens.com/) for assistance.
# ** Note: (vsim-12126) Error and warning message counts have been restored: Errors=0, Warnings=1.
# //  Questa Sim-64
# //  Version 2024.1 win64 Feb  1 2024
# //
# // Unpublished work. Copyright 2024 Siemens
# //
# // This material contains trade secrets or otherwise confidential information
# // owned by Siemens Industry Software Inc. or its affiliates (collectively,
# // "SISW"), or its licensors. Access to and use of this information is strictly
# // limited as set forth in the Customer's applicable agreements with SISW.
# //
# // This material may not be copied, distributed, or otherwise disclosed outside
# // of the Customer's facilities without the express written permission of SISW,
# // and may not be used in any way not expressly authorized by SISW.
# //
# Loading sv_std.std
# Loading work.coverage_submission_sv_unit(fast)
# Loading work.__vlsi_coverage_challenge_top(fast)
# Loading work.nested_vic_if(fast__2)
# Loading work.nested_vic(fast)
# Loading work.nested_vic_if(fast)
# do run.do
# 0
# 0
# 0
# COVERAGE_BASELINE: 41.67%
# COVERAGE: 100.00%
# ** Note: $finish    : coverage_submission.sv(182)
#    Time: 170 ns  Iteration: 0  Instance: /__vlsi_coverage_challenge_top
# End time: 11:23:58 on Oct 08,2026, Elapsed time: 0:00:03
# Errors: 0, Warnings: 1

::TEST_START:: {"id":0,"name":"Coverage artifact produces meaningful sampled coverage","nonce":"3f3a4901a18342ef"}
::TEST_PASS:: {"id":0,"nonce":"3f3a4901a18342ef"}
::TEST_SUMMARY:: {"total":1,"passed":1,"failed":0,"nonce":"3f3a4901a18342ef"}
::JUDGE_DONE:: {"cases":1,"nonce":"3f3a4901a18342ef"}